<html>
<body>
<pre>
<h1>µVision Build Log</h1>
<h2>Project:</h2>
C:\Users\gzy\Desktop\send\Object\Template.uvproj
Project File Date:  11/18/2015

<h2>Output:</h2>
Build target 'Template'
compiling EXTI.c...
..\User\EXTI.c(47): warning:  #223-D: function "USART1_printf" declared implicitly
                USART1_printf( USART1, "cf sent \r\n" );
..\User\EXTI.c(65): warning:  #223-D: function "USART1_printf" declared implicitly
                        USART1_printf( USART1, "\r\n fc sent \r\n" );
..\User\EXTI.c: 2 warnings, 0 errors
compiling NRF24L01.c...
linking...
Program Size: Code=3616 RO-data=268 RW-data=64 ZI-data=1632  
FromELF: creating hex file...
".\Template.axf" - 0 Error(s), 2 Warning(s).
Load "C:\\Users\\gzy\\Desktop\\send\\Object\\Template.axf" 
Set JLink Project File to "C:\Users\gzy\Desktop\send\Object\JLinkSettings.ini"
* JLink Info: Device "STM32F103ZE" selected (512 KB flash, 64 KB RAM).
 
JLink info:
------------
DLL: V4.80g, compiled Feb 13 2014 20:50:02
Firmware: J-Link ARM-OB STM32 compiled Aug 22 2012 19:52:04
Hardware: V7.00
S/N : 20090928 
Feature(s) : RDI,FlashDL,FlashBP,JFlash,GDBFull 
 
* JLink Info: Found SWD-DP with ID 0x1BA01477
* JLink Info: Found SWD-DP with ID 0x1BA01477
* JLink Info: Found Cortex-M3 r1p1, Little endian.
* JLink Info: FPUnit: 6 code (BP) slots and 2 literal slots
* JLink Info: TPIU fitted.
* JLink Info: ETM fitted.
ROMTableAddr = 0xE00FF003
 
Target info:
------------
Device: STM32F103ZE
VTarget = 3.300V
State of Pins: 
TCK: 0, TDI: 0, TDO: 1, TMS: 0, TRES: 1, TRST: 1
Hardware-Breakpoints: 6
Software-Breakpoints: 8192
Watchpoints:          4
JTAG speed: 2000 kHz
 
Erase Done.
Programming Done.
Verify OK.
Application running ...

------------
Device: STM32F103ZE
VTarget = 3.300V
State of Pins: 
TCK: 0, TDI: 0, TDO: 1, TMS: 0, TRES: 1, TRST: 1
Hardware-Breakpoints: 6
Software-Breakpoints: 8192
Watchpoints:          4
JTAG speed: 2000 kHz
 
Erase Done.
Programming Done.
Verify OK.
Application running ...
gramming Done.
Verify OK.
Application running ...
